[   18625ms] [ERROR] Failed to load resource: the server responded with a status of 417 (EXPECTATION FAILED) @ https://dev.rpwp.my/api/method/travel_booking.resources_management.api.resources_api.update_slot_dates:0
[   18633ms] [ERROR] Traceback (most recent call last):
  File "apps/travel_booking/travel_booking/resources_management/api/resources_api.py", line 522, in update_slot_dates
    slot.save()
    ~~~~~~~~~^^
  File "apps/frappe/frappe/model/document.py", line 810, in save
    return self._save(*args, **kwargs)
           ~~~~~~~~~~^^^^^^^^^^^^^^^^^
  File "apps/frappe/frappe/model/document.py", line 850, in _save
    self._validate()
    ~~~~~~~~~~~~~~^^
  File "apps/frappe/frappe/model/document.py", line 1099, in _validate
    d._validate_selects()
    ~~~~~~~~~~~~~~~~~~~^^
  File "apps/frappe/frappe/model/base_document.py", line 1197, in _validate_selects
    frappe.throw(
    ~~~~~~~~~~~~^
    	_('{0} {1} cannot be "{2}". It should be one of "{3}"').format(
     ^^^^^^^^^^^^^^^^^^^^^^^^^^^^^^^^^^^^^^^^^^^^^^^^^^^^^^^^^^^^^^^
    		prefix, label, value, comma_options
      ^^^^^^^^^^^^^^^^^^^^^^^^^^^^^^^^^^^
    	)
     ^
    )
    ^
  File "apps/frappe/frappe/utils/messages.py", line 159, in throw
    msgprint(
    ~~~~~~~~^
    	msg,
     ^^^^
    ...<7 lines>...
    	allow_dangerous_html=allow_dangerous_html,
     ^^^^^^^^^^^^^^^^^^^^^^^^^^^^^^^^^^^^^^^^^^
    )
    ^
  File "apps/frappe/frappe/utils/messages.py", line 118, in msgprint
    _raise_exception()
    ~~~~~~~~~~~~~~~~^^
  File "apps/frappe/frappe/utils/messages.py", line 59, in _raise_exception
    raise exc
frappe.exceptions.ValidationError: Row #1: Allocation Status cannot be "Planned". It should be one of "Assigned", "Confirmed", "Declined", "Replaced"

During handling of the above exception, another exception occurred:

Traceback (most recent call last):
  File "apps/frappe/frappe/app.py", line 126, in application
    response = frappe.api.handle(request)
  File "apps/frappe/frappe/api/__init__.py", line 64, in handle
    data = endpoint(**arguments)
  File "apps/frappe/frappe/api/v1.py", line 44, in handle_rpc_call
    return frappe.handler.handle()
           ~~~~~~~~~~~~~~~~~~~~~^^
  File "apps/frappe/frappe/handler.py", line 54, in handle
    data = execute_cmd(cmd)
  File "apps/frappe/frappe/handler.py", line 89, in execute_cmd
    return frappe.call(method, **frappe.form_dict)
           ~~~~~~~~~~~^^^^^^^^^^^^^^^^^^^^^^^^^^^^
  File "apps/frappe/frappe/__init__.py", line 1153, in call
    return fn(*args, **newargs)
  File "apps/frappe/frappe/utils/typing_validations.py", line 49, in wrapper
    return func(*args, **kwargs)
  File "apps/travel_booking/travel_booking/resources_management/api/resources_api.py", line 539, in update_slot_dates
    frappe.throw(f"Error updating slot dates: {str(e)}")
    ~~~~~~~~~~~~^^^^^^^^^^^^^^^^^^^^^^^^^^^^^^^^^^^^^^^^
  File "apps/frappe/frappe/utils/messages.py", line 159, in throw
    msgprint(
    ~~~~~~~~^
    	msg,
     ^^^^
    ...<7 lines>...
    	allow_dangerous_html=allow_dangerous_html,
     ^^^^^^^^^^^^^^^^^^^^^^^^^^^^^^^^^^^^^^^^^^
    )
    ^
  File "apps/frappe/frappe/utils/messages.py", line 118, in msgprint
    _raise_exception()
    ~~~~~~~~~~~~~~~~^^
  File "apps/frappe/frappe/utils/messages.py", line 59, in _raise_exception
    raise exc
frappe.exceptions.ValidationError: Error updating slot dates: Row #1: Allocation Status cannot be "Planned". It should be one of "Assigned", "Confirmed", "Declined", "Replaced"
 @ https://dev.rpwp.my/assets/frappe/dist/js/desk.bundle.COPXI3K7.js:646
